
app/(tabs)/coach.tsx(176,15): error TS2352: Conversion of type 'string[]' to 
type 'ChatMessage[]' may be a mistake because neither type sufficiently 
overlaps with the other. If this was intentional, convert the expression to 
'unknown' first.
app/(tabs)/index.tsx(111,12): error TS2741: Property 'progress' is missing in 
type '{}' but required in type 'ModuleGridProps'.
app/(tabs)/shop.tsx(15,10): error TS2614: Module '"@/components/ui/Button"' 
has no exported member 'RewardedAd'. Did you mean to use 'import RewardedAd 
from "@/components/ui/Button"' instead?
app/(tabs)/shop.tsx(170,14): error TS2304: Cannot find name 'RewardedAdButton'.
app/first-week/index.tsx(246,45): error TS2322: Type '{ width: number; height: 
number; borderRadius: number; }' is not assignable to type 
'IntrinsicAttributes & SkeletonProps'.
app/first-week/index.tsx(247,45): error TS2322: Type '{ width: number; height: 
number; borderRadius: number; style: { marginTop: number; }; }' is not 
assignable to type 'IntrinsicAttributes & SkeletonProps'.
app/first-week/index.tsx(250,55): error TS2322: Type '{ key: number; width: 
"100%"; height: number; borderRadius: number; style: { marginBottom: number; 
}; }' is not assignable to type 'IntrinsicAttributes & SkeletonProps'.
app/gamification/badges.tsx(162,11): error TS2322: Type '{ badge: BadgeDef; 
unlocked: boolean; onClose: () => void; }' is not assignable to type 
'IntrinsicAttributes'.
app/gamification/badges.tsx(171,11): error TS2322: Type '{ badge: BadgeDef; 
unlocked: true; isNew: true; onClose: () => void; }' is not assignable to type 
'IntrinsicAttributes'.
app/modules/female/index.tsx(53,5): error TS2339: Property 'symptoms' does not 
exist on type '{ cycleLength: number; lastPeriodDate: string | null; 
currentPhase: "menstrual" | "follicular" | "ovulation" | "luteal"; 
daysInPhase: number; nextPeriodDate: string | null; history: 
FemaleHealthEntry[]; ... 4 more ...; isInCycle: boolean; }'.
app/modules/female/index.tsx(316,24): error TS2339: Property 'md' does not 
exist on type '{ readonly xs: 12; readonly sm: 14; readonly base: 16; readonly 
lg: 18; readonly xl: 20; readonly '2xl': 24; readonly '3xl': 30; readonly 
'4xl': 36; readonly '5xl': 48; readonly '6xl': 60; }'.
app/modules/female/index.tsx(334,24): error TS2339: Property 'md' does not 
exist on type '{ readonly xs: 12; readonly sm: 14; readonly base: 16; readonly 
lg: 18; readonly xl: 20; readonly '2xl': 24; readonly '3xl': 30; readonly 
'4xl': 36; readonly '5xl': 48; readonly '6xl': 60; }'.
app/modules/female/index.tsx(370,24): error TS2339: Property 'md' does not 
exist on type '{ readonly xs: 12; readonly sm: 14; readonly base: 16; readonly 
lg: 18; readonly xl: 20; readonly '2xl': 24; readonly '3xl': 30; readonly 
'4xl': 36; readonly '5xl': 48; readonly '6xl': 60; }'.
app/modules/female/index.tsx(403,24): error TS2339: Property 'md' does not 
exist on type '{ readonly xs: 12; readonly sm: 14; readonly base: 16; readonly 
lg: 18; readonly xl: 20; readonly '2xl': 24; readonly '3xl': 30; readonly 
'4xl': 36; readonly '5xl': 48; readonly '6xl': 60; }'.
app/modules/sleep/insights.tsx(59,49): error TS18046: 'sleep' is of type 
'unknown'.
app/modules/steps/index.tsx(102,73): error TS2551: Property 'toFixed' does not 
exist on type 'string'. Did you mean 'fixed'?
app/modules/steps/index.tsx(136,38): error TS2339: Property 'date' does not 
exist on type '{ logged_date: any; steps: any; distance_m: any; calories: any; 
}'.
app/modules/steps/index.tsx(137,47): error TS2339: Property 'date' does not 
exist on type '{ logged_date: any; steps: any; distance_m: any; calories: any; 
}'.
app/modules/steps/index.tsx(140,34): error TS2339: Property 'date' does not 
exist on type '{ logged_date: any; steps: any; distance_m: any; calories: any; 
}'.
app/modules/supplements/index.tsx(149,48): error TS2322: Type 'false | { 
borderWidth: number; borderColor: string; backgroundColor: string; }' is not 
assignable to type 'ViewStyle'.
app/modules/water/index.tsx(29,10): error TS2614: Module 
'"@/components/ui/Skeleton"' has no exported member 'List'. Did you mean to 
use 'import List from "@/components/ui/Skeleton"' instead?
app/modules/water/index.tsx(36,15): error TS2724: '"@/types/modules"' has no 
exported member named 'DrinkType'. Did you mean 'DrinkTypeId'?
app/modules/water/index.tsx(138,20): error TS2339: Property 'hydration' does 
not exist on type 'DrinkType'.
app/modules/water/index.tsx(139,66): error TS2339: Property 'hydration' does 
not exist on type 'DrinkType'.
app/modules/water/index.tsx(177,14): error TS2552: Cannot find name 
'ListSkeleton'. Did you mean 'Skeleton'?
app/modules/water/index.tsx(210,73): error TS2339: Property 'water' does not 
exist on type 'DrinkType[]'.
app/modules/water/settings.tsx(59,15): error TS2322: Type 'false | { 
borderColor: "#06B6D4"; backgroundColor: string; }' is not assignable to type 
'ViewStyle'.
app/modules/weight/index.tsx(24,10): error TS2614: Module 
'"@/components/ui/AnimatedNumber"' has no exported member 'AnimatedNumber'. 
Did you mean to use 'import AnimatedNumber from 
"@/components/ui/AnimatedNumber"' instead?
app/modules/weight/index.tsx(32,32): error TS2307: Cannot find module 
'./components/NewMinConfetti' or its corresponding type declarations.
app/modules/workout/session.tsx(31,25): error TS2307: Cannot find module 
'./components/PrBadge' or its corresponding type declarations.
app/modules/workout/summary.tsx(77,9): error TS2322: Type '{ source: any; 
autoPlay: true; loop: false; style: AbsoluteFillStyle; pointerEvents: string; 
resizeMode: "cover"; }' is not assignable to type 'IntrinsicAttributes & 
IntrinsicClassAttributes<LottieView> & Pick<Readonly<Props>, never> & 
InexactPartial<...> & InexactPartial<...>'.
app/profile/delete-account.tsx(14,20): error TS2339: Property 'logout' does 
not exist on type 'AuthState'.
app/profile/weight-goal.tsx(84,38): error TS2538: Type 'BMICategoryInfo' 
cannot be used as an index type.
components/home/index.ts(5,10): error TS2305: Module '"./DailyScore"' has no 
exported member 'default'.
components/home/index.ts(10,10): error TS2305: Module '"./MissionCard"' has no 
exported member 'default'.
components/home/index.ts(11,10): error TS2305: Module '"./QuickActions"' has 
no exported member 'default'.
components/home/ModuleGrid.tsx(17,10): error TS2305: Module 
'"@/constants/modules"' has no exported member 'GridModules'.
components/home/ModuleGrid.tsx(17,23): error TS2724: '"@/constants/modules"' 
has no exported member named 'Modules'. Did you mean 'MODULES'?
components/home/ModuleGrid.tsx(18,15): error TS2724: '"@/constants/modules"' 
has no exported member named 'ModuleId'. Did you mean 'MODULES'?
components/home/ModuleGrid.tsx(37,14): error TS2323: Cannot redeclare exported 
variable 'ModuleGrid'.
components/home/ModuleGrid.tsx(236,10): error TS2323: Cannot redeclare 
exported variable 'ModuleGrid'.
components/home/ModuleGrid.tsx(236,10): error TS2484: Export declaration 
conflicts with exported declaration of 'ModuleGrid'.
components/home/StreakBanner.tsx(16,14): error TS2323: Cannot redeclare 
exported variable 'StreakBanner'.
components/home/StreakBanner.tsx(17,11): error TS2339: Property 'streak' does 
not exist on type 'UserProfile'.
components/home/StreakBanner.tsx(17,19): error TS2339: Property 'best_streak' 
does not exist on type 'UserProfile'.
components/home/StreakBanner.tsx(124,10): error TS2323: Cannot redeclare 
exported variable 'StreakBanner'.
components/home/StreakBanner.tsx(124,10): error TS2484: Export declaration 
conflicts with exported declaration of 'StreakBanner'.
components/ui/AnimatedNumber.tsx(100,38): error TS2322: Type 'TextStyle | 
undefined' is not assignable to type 'TextStyle'.
components/ui/EmptyState.tsx(57,31): error TS2322: Type 'false | { marginTop: 
16; minWidth: number; }' is not assignable to type 'ViewStyle'.
components/ui/index.ts(7,21): error TS2300: Duplicate identifier 'SafeScreen'.
components/ui/index.ts(30,10): error TS2300: Duplicate identifier 'SafeScreen'.
components/ui/SafeScreen.tsx(31,17): error TS2323: Cannot redeclare exported 
variable 'SafeScreen'.
components/ui/SafeScreen.tsx(85,10): error TS2323: Cannot redeclare exported 
variable 'SafeScreen'.
components/ui/SafeScreen.tsx(85,10): error TS2484: Export declaration 
conflicts with exported declaration of 'SafeScreen'.
database/watermelon.ts(13,10): error TS2724: '"./models"' has no exported 
member named 'MentalCheckIn'. Did you mean 'MentalCheckin'?
database/watermelon.ts(14,10): error TS2305: Module '"./models"' has no 
exported member 'FoodLog'.
database/watermelon.ts(19,10): error TS2305: Module '"./models"' has no 
exported member 'DailyScore'.
database/watermelon.ts(20,10): error TS2305: Module '"./models"' has no 
exported member 'Supplement'.
database/watermelon.ts(22,8): error TS2613: Module 
'"C:/Users/natan/fitness-app/vyra-fitness/database/schema"' has no default 
export. Did you mean to use 'import { schema } from 
"C:/Users/natan/fitness-app/vyra-fitness/database/schema"' instead?
hooks/useAds.ts(37,11): error TS2339: Property 'todayAdCounts' does not exist 
on type 'AdsState'.
hooks/useAds.ts(37,26): error TS2339: Property 'incrementAdCount' does not 
exist on type 'AdsState'.
hooks/useAds.ts(37,44): error TS2339: Property 'lastInterstitialAt' does not 
exist on type 'AdsState'.
hooks/useAds.ts(37,64): error TS2339: Property 'setLastInterstitialAt' does 
not exist on type 'AdsState'.
hooks/useAuth.ts(15,39): error TS2305: Module '"@/utils/calculations"' has no 
exported member 'getAgeFromDob'.
hooks/useAuth.ts(125,41): error TS2554: Expected 2 arguments, but got 5.
hooks/useAuth.ts(129,9): error TS2353: Object literal may only specify known 
properties, and 'gender' does not exist in type 'UserProfileUpdate'.
hooks/useAuth.ts(134,36): error TS2339: Property 'primary_goal' does not exist 
on type 'OnboardingData'.
hooks/useFasting.ts(205,82): error TS2551: Property 'catch' does not exist on 
type 'PostgrestFilterBuilder<any, any, any, any, "calculate_daily_score", 
null, "RPC">'. Did you mean 'match'?
hooks/useMental.ts(166,70): error TS2551: Property 'catch' does not exist on 
type 'PostgrestFilterBuilder<any, any, any, any, "calculate_daily_score", 
null, "RPC">'. Did you mean 'match'?
hooks/useNutrition.ts(72,32): error TS2339: Property 'calorie_goal' does not 
exist on type 'UserProfile'.
hooks/useNutrition.ts(73,61): error TS2339: Property 'primary_goal' does not 
exist on type 'UserProfile'.
hooks/useNutrition.ts(233,82): error TS2551: Property 'catch' does not exist 
on type 'PostgrestFilterBuilder<any, any, any, any, "calculate_daily_score", 
null, "RPC">'. Did you mean 'match'?
hooks/useOnboarding.ts(12,3): error TS2353: Object literal may only specify 
known properties, and 'primary_goal' does not exist in type 'OnboardingData'.
hooks/useOnboarding.ts(36,72): error TS2345: Argument of type '(d: 
OnboardingData) => { weight_goal_kg: number | null; name: string; age: number; 
goal: UserGoal; gender: BiologicalSex; height_cm: number; ... 10 more ...; 
privacy_accepted: boolean; }' is not assignable to parameter of type 
'SetStateAction<OnboardingData>'.
hooks/usePremium.ts(9,11): error TS2339: Property 'setIsPremium' does not 
exist on type 'PremiumState'.
hooks/useSleep.ts(129,9): error TS2554: Expected 2 arguments, but got 5.
hooks/useSleep.ts(169,82): error TS2551: Property 'catch' does not exist on 
type 'PostgrestFilterBuilder<any, any, any, any, "calculate_daily_score", 
null, "RPC">'. Did you mean 'match'?
hooks/useSteps.ts(150,82): error TS2551: Property 'catch' does not exist on 
type 'PostgrestFilterBuilder<any, any, any, any, "calculate_daily_score", 
null, "RPC">'. Did you mean 'match'?
hooks/useWater.ts(13,10): error TS2614: Module '"@/database/watermelon"' has 
no exported member 'writeLocalAndSync'. Did you mean to use 'import 
writeLocalAndSync from "@/database/watermelon"' instead?
hooks/useWater.ts(13,29): error TS2724: '"@/database/watermelon"' has no 
exported member named 'getDatabase'. Did you mean 'database'?
hooks/useWater.ts(19,25): error TS2724: '"@/types/modules"' has no exported 
member named 'DrinkType'. Did you mean 'DrinkTypeId'?
hooks/useWater.ts(157,70): error TS2551: Property 'catch' does not exist on 
type 'PostgrestFilterBuilder<any, any, any, any, "calculate_daily_score", 
null, "RPC">'. Did you mean 'match'?
lib/analytics.ts(6,21): error TS2307: Cannot find module 
'posthog-react-native' or its corresponding type declarations.
lib/notifications.ts(2,25): error TS2307: Cannot find module 'expo-device' or 
its corresponding type declarations.
lib/notifications.ts(9,35): error TS2322: Type 'Promise<{ shouldShowAlert: 
true; shouldPlaySound: true; shouldSetBadge: true; }>' is not assignable to 
type 'Promise<NotificationBehavior>'.
lib/notifications.ts(99,18): error TS2345: Argument of type 'unknown' is not 
assignable to parameter of type 'Error'.
lib/notifications.ts(119,18): error TS2345: Argument of type 'unknown' is not 
assignable to parameter of type 'Error'.
stores/authStore.ts(78,37): error TS2339: Property 'onboarding_completed' does 
not exist on type 'UserProfile'.
stores/premiumStore.ts(7,15): error TS2305: Module '"@/types/user"' has no 
exported member 'PremiumPlan'.


